Model: TI89t

// English mapping

// Alphabetical
GDK_a:TIKEY_EQUALS,TIKEY_ALPHA
GDK_b:TIKEY_PALEFT,TIKEY_ALPHA
GDK_c:TIKEY_PARIGHT,TIKEY_ALPHA
GDK_d:TIKEY_COMMA,TIKEY_ALPHA
GDK_e:TIKEY_DIVIDE,TIKEY_ALPHA
GDK_f:TIKEY_PIPE,TIKEY_ALPHA
GDK_g:TIKEY_7,TIKEY_ALPHA
GDK_h:TIKEY_8,TIKEY_ALPHA
GDK_i:TIKEY_9,TIKEY_ALPHA
GDK_j:TIKEY_MULTIPLY,TIKEY_ALPHA
GDK_k:TIKEY_EE,TIKEY_ALPHA
GDK_l:TIKEY_4,TIKEY_ALPHA
GDK_m:TIKEY_5,TIKEY_ALPHA
GDK_n:TIKEY_6,TIKEY_ALPHA
GDK_o:TIKEY_MINUS,TIKEY_ALPHA
GDK_p:TIKEY_STORE,TIKEY_ALPHA
GDK_q:TIKEY_1,TIKEY_ALPHA
GDK_r:TIKEY_2,TIKEY_ALPHA
GDK_s:TIKEY_3,TIKEY_ALPHA
GDK_t:TIKEY_T
GDK_u:TIKEY_PLUS,TIKEY_ALPHA
GDK_v:TIKEY_0,TIKEY_ALPHA
GDK_w:TIKEY_PERIOD,TIKEY_ALPHA
GDK_x:TIKEY_X
GDK_y:TIKEY_Y
GDK_z:TIKEY_Z

GDK_A:TIKEY_EQUALS,TIKEY_ALPHA
GDK_B:TIKEY_PALEFT,TIKEY_ALPHA
GDK_C:TIKEY_PARIGHT,TIKEY_ALPHA
GDK_D:TIKEY_COMMA,TIKEY_ALPHA
GDK_E:TIKEY_DIVIDE,TIKEY_ALPHA
GDK_F:TIKEY_PIPE,TIKEY_ALPHA
GDK_G:TIKEY_7,TIKEY_ALPHA
GDK_H:TIKEY_8,TIKEY_ALPHA
GDK_I:TIKEY_9,TIKEY_ALPHA
GDK_J:TIKEY_MULTIPLY,TIKEY_ALPHA
GDK_K:TIKEY_EE,TIKEY_ALPHA
GDK_L:TIKEY_4,TIKEY_ALPHA
GDK_M:TIKEY_5,TIKEY_ALPHA
GDK_N:TIKEY_6,TIKEY_ALPHA
GDK_O:TIKEY_MINUS,TIKEY_ALPHA
GDK_P:TIKEY_STORE,TIKEY_ALPHA
GDK_Q:TIKEY_1,TIKEY_ALPHA
GDK_R:TIKEY_2,TIKEY_ALPHA
GDK_S:TIKEY_3,TIKEY_ALPHA
GDK_T:TIKEY_T
GDK_U:TIKEY_PLUS,TIKEY_ALPHA
GDK_V:TIKEY_0,TIKEY_ALPHA
GDK_W:TIKEY_PERIOD,TIKEY_ALPHA
GDK_X:TIKEY_X
GDK_Y:TIKEY_Y
GDK_Z:TIKEY_Z

// Numerical
GDK_0:TIKEY_0
GDK_1:TIKEY_1
GDK_2:TIKEY_2
GDK_3:TIKEY_3
GDK_4:TIKEY_4
GDK_5:TIKEY_5
GDK_6:TIKEY_6
GDK_7:TIKEY_7
GDK_8:TIKEY_8
GDK_9:TIKEY_9

GDK_KP_0:TIKEY_0
GDK_KP_1:TIKEY_1
GDK_KP_2:TIKEY_2
GDK_KP_3:TIKEY_3
GDK_KP_4:TIKEY_4
GDK_KP_5:TIKEY_5
GDK_KP_6:TIKEY_6
GDK_KP_7:TIKEY_7
GDK_KP_8:TIKEY_8
GDK_KP_9:TIKEY_9

// Operations
GDK_KP_Add:TIKEY_PLUS
GDK_KP_Multiply:TIKEY_MULTIPLY
GDK_KP_Divide:TIKEY_DIVIDE
GDK_KP_Subtract:TIKEY_MINUS

// Arrows
GDK_Up:TIKEY_UP
GDK_Down:TIKEY_DOWN
GDK_Right:TIKEY_RIGHT
GDK_Left:TIKEY_LEFT

// Functions
GDK_F1:TIKEY_F1
GDK_F2:TIKEY_F2
GDK_F3:TIKEY_F3
GDK_F4:TIKEY_F4
GDK_F5:TIKEY_F5
GDK_F6:TIKEY_CATALOG

// Ctrl keys
GDK_Shift_L:TIKEY_SHIFT
GDK_Shift_R:TIKEY_SHIFT
GDK_Control_L:TIKEY_DIAMOND
GDK_Control_R:TIKEY_DIAMOND
GDK_Alt_L:TIKEY_2ND
GDK_Alt_R:TIKEY_2ND
GDK_Caps_Lock:TIKEY_ALPHA

GDK_Return:TIKEY_ENTER1
GDK_Escape:TIKEY_ESCAPE
GDK_BackSpace:TIKEY_BACKSPACE

// Others
GDK_minus:TIKEY_NEGATE
GDK_equal:TIKEY_EQUALS
GDK_parenleft:TIKEY_PALEFT
GDK_bracketleft:TIKEY_PALEFT
GDK_parenright:TIKEY_PARIGHT
GDK_bracketright:TIKEY_PARIGHT
GDK_comma:TIKEY_COMMA
GDK_period:TIKEY_PERIOD
GDK_KP_Decimal:TIKEY_PERIOD
GDK_slash:TIKEY_DIVIDE
GDK_space:TIKEY_NEGATE,TIKEY_ALPHA

// Specific
GDK_twosuperior:TIKEY_MODE
GDK_grave:TIKEY_MODE
GDK_backslash:TIKEY_PIPE
GDK_F9:TIKEY_APPS
GDK_Tab:TIKEY_STORE
GDK_Delete:TIKEY_CLEAR
GDK_Scroll_Lock:TIKEY_ON
GDK_Insert:TIKEY_EE
GDK_Prior:TIKEY_POWER
GDK_Home:TIKEY_HOME
